Program
 ClassDecl (Id test) () 
  MethodDecl (Void) (Id main) ()
   VarDecl (ObjType (Id A) ) (Id a) (NewObj (Id A) ()) 
   Print (Call (Id a) (Id go) ()) 
 ClassDecl (Id A) () 
  VarDecl (BoolType) (Id b) () 
  VarDecl (IntType) (Id i) () 
  MethodDecl (IntType) (Id go) ()
   VarDecl (ArrayType (IntType) ) (Id a) (NewArray (IntType) 4) 
   Assign (Id b) (Binop || (Binop || (Binop < (IntVal 1) (IntVal 2) ) (Binop && (Binop > (IntVal 3) (IntVal 4) ) (Binop == (IntVal 5) (Binop + (IntVal 6) (Binop * (IntVal 7) (IntVal 8) ) ) ) ) ) (Unop ! (True) ) ) 
   Assign (Id i) (Binop + (Binop + (Binop - (IntVal 8) (IntVal 7) ) (IntVal 6) ) (Binop / (Binop * (IntVal 5) (IntVal 4) ) (IntVal 2) ) ) 
   Print (Id b) 
   Return (Id i) 
