Program
 ClassDecl (Id test) () 
  MethodDecl (Void) (Id main) ()
   VarDecl (BoolType) (Id b) () 
   VarDecl (IntType) (Id i) () 
   VarDecl (IntType) (Id j) () 
   Assign (Id b) (True) 
   Assign (Id i) (Call () (Id foo) ((IntVal 1) (IntVal 2) )) 
   Assign (Id j) (Binop * (IntVal 2) (IntVal 3) ) 
   Print (Id b) 
   Print (Id i) 
   Print (Id j) 
  MethodDecl (IntType) (Id foo) ((Formal (IntType) (Id i) ) (Formal (IntType) (Id j) ) )
   Return (Binop + (Id i) (Id j) ) 
