Program
 ClassDecl (Id test) () 
  MethodDecl (Void) (Id main) ()
   VarDecl (ObjType (Id B) ) (Id b) (NewObj (Id B) ()) 
   VarDecl (IntType) (Id i) (Call () (Id foo) ((IntVal 1) )) 
   VarDecl (IntType) (Id j) (Call (Id b) (Id foo) ((IntVal 1) )) 
   Print (Id i) 
   Print (Id j) 
  MethodDecl (IntType) (Id foo) ((Formal (IntType) (Id i) ) )
   VarDecl (IntType) (Id x) () 
   Return (Id i) 
 ClassDecl (Id B) (Id A) 
  VarDecl (IntType) (Id i) () 
 ClassDecl (Id A) () 
  VarDecl (IntType) (Id i) () 
  MethodDecl (IntType) (Id foo) ((Formal (IntType) (Id i) ) )
   VarDecl (IntType) (Id y) () 
   Return (Binop + (Id i) (IntVal 1) ) 
