Program
 ClassDecl (Id test) () 
  MethodDecl (Void) (Id main) ()
   VarDecl (ObjType (Id A) ) (Id a) (NewObj (Id A) ()) 
   Print (Call (Id a) (Id go) ()) 
 ClassDecl (Id A) () 
  MethodDecl (IntType) (Id go) ()
   VarDecl (BoolType) (Id a) () 
   VarDecl (BoolType) (Id b) () 
   VarDecl (BoolType) (Id c) () 
   VarDecl (IntType) (Id x) () 
   Assign (Id a) (True) 
   Assign (Id b) (Unop ! (Id a) ) 
   Assign (Id c) (Binop || (Binop && (Id a) (Id b) ) (Id a) ) 
   If (Id c) 
    Assign (Id x) (IntVal 1) 
   Else
    Assign (Id x) (IntVal 0) 
   Return (Id x) 
