Program
 ClassDecl (Id test) () 
  MethodDecl (Void) (Id main) ()
   VarDecl (IntType) (Id i) () 
   VarDecl (IntType) (Id j) () 
   Assign (Id i) (Call () (Id foo) ((IntVal 1) )) 
   Assign (Id j) (Call () (Id bar) ((IntVal 1) )) 
   Print (Id i) 
   Print (Id j) 
  MethodDecl (IntType) (Id foo) ((Formal (IntType) (Id i) ) )
   VarDecl (IntType) (Id x) () 
   Return (Id i) 
  MethodDecl (IntType) (Id bar) ((Formal (IntType) (Id i) ) )
   VarDecl (IntType) (Id x) (IntVal 2) 
   Return (Id x) 
