Program
 ClassDecl (Id test) () 
  MethodDecl (Void) (Id main) ()
   VarDecl (ObjType (Id A) ) (Id a) (NewObj (Id A) ()) 
   CallStmt (Id a) (Id setk) ((IntVal 5) )
   Print (Field (Id a) (Id j) ) 
   Print (Field (Id a) (Id k) ) 
   Print (Field (Id a) (Id l) ) 
 ClassDecl (Id A) () 
  VarDecl (IntType) (Id i) (IntVal 2) 
  VarDecl (IntType) (Id j) (Id i) 
  VarDecl (IntType) (Id k) (IntVal 3) 
  VarDecl (IntType) (Id l) (Id k) 
  MethodDecl (Void) (Id setk) ((Formal (IntType) (Id i) ) )
   Assign (Id k) (Id i) 
