Program
 ClassDecl (Id test) () 
  MethodDecl (Void) (Id main) ()
   VarDecl (ObjType (Id Body) ) (Id b) (NewObj (Id Body) ()) 
   Print (Call (Id b) (Id go) ()) 
 ClassDecl (Id Body) () 
  MethodDecl (IntType) (Id go) ()
   VarDecl (ObjType (Id Body2) ) (Id b) () 
   Return (Call (Id b) (Id value) ((True) )) 
   Assign (Id b) (NewObj (Id Body2) ()) 
   Assign (Id b) (NewObj (Id Body2) ()) 
   Assign (Id b) (NewObj (Id Body2) ()) 
   Assign (Id b) (NewObj (Id Body2) ()) 
   Assign (Id b) (NewObj (Id Body2) ()) 
   Assign (Id b) (NewObj (Id Body2) ()) 
 ClassDecl (Id Body2) () 
  VarDecl (IntType) (Id i) () 
  MethodDecl (IntType) (Id value) ((Formal (BoolType) (Id cond) ) )
   VarDecl (IntType) (Id j) () 
   VarDecl (IntType) (Id k) () 
   Assign (Id i) (IntVal 5) 
   Assign (Id j) (IntVal 6) 
   If (Id cond) 
    Assign (Id k) (Id i) 
   Else
    Assign (Id k) (Id j) 
   Return (Id k) 
