Program
 ClassDecl (Id test) () 
  MethodDecl (Void) (Id main) ()
   VarDecl (ArrayType (IntType) ) (Id a) () 
   Assign (Id a) (NewArray (IntType) 2) 
   Assign (ArrayElm (Id a) (IntVal 0) ) (IntVal 1) 
   Assign (ArrayElm (Id a) (IntVal 1) ) (IntVal 2) 
   Print (ArrayElm (Id a) (IntVal 0) ) 
   Print (ArrayElm (Id a) (IntVal 1) ) 
